[daquyphongthuylnj.com/index.html]
[gmpg.org/xfn/11.html]
[backblue.gif]
[fade.gif]
[index.html]
[daquyphongthuylnj.com/wp-content/plugins/ot-flatsome-vertical-menu/libs/menu-icons/vendor/codeinwp/icon-picker/css/types/font-awesome.min.css]
[fonts.googleapis.com/index.html]
[s.w.org/index.html]
[daquyphongthuylnj.com/wp-content/plugins/ot-flatsome-vertical-menu/libs/menu-icons/css/extra.min.css]
[daquyphongthuylnj.com/wp-content/plugins/contact-form-7/includes/css/styles.css]
[daquyphongthuylnj.com/wp-content/plugins/font-awesome-4-menus/css/font-awesome.min.css]
[daquyphongthuylnj.com/wp-content/plugins/ot-flatsome-vertical-menu/assets/css/style.css]
[daquyphongthuylnj.com/wp-content/plugins/woocommerce-products-filter/css/front.css]
[daquyphongthuylnj.com/wp-content/plugins/woocommerce-products-filter/js/chosen/chosen.min.css]
[daquyphongthuylnj.com/wp-content/plugins/woocommerce-products-filter/js/malihu-custom-scrollbar/jquery.mCustomScrollbar.css]
[daquyphongthuylnj.com/wp-content/plugins/woocommerce-products-filter/js/icheck/skins/square/aero.css]
[daquyphongthuylnj.com/wp-content/plugins/woocommerce-products-filter/ext/color/css/html_types/color.css]
[daquyphongthuylnj.com/wp-content/plugins/yith-woocommerce-color-label-variations-premium/assets/css/yith-wccl.css]
[daquyphongthuylnj.com/wp-content/themes/flatsome/assets/css/flatsome.css]
[daquyphongthuylnj.com/wp-content/themes/flatsome/assets/css/icons/fl-iconsae55.eot]
[daquyphongthuylnj.com/wp-content/themes/flatsome/assets/css/icons/fl-icons.eot]
[daquyphongthuylnj.com/wp-content/themes/flatsome/assets/css/icons/fl-iconsae55.woff2]
[daquyphongthuylnj.com/wp-content/themes/flatsome/assets/css/icons/fl-iconsae55.ttf]
[daquyphongthuylnj.com/wp-content/themes/flatsome/assets/css/icons/fl-iconsae55.woff]
[daquyphongthuylnj.com/wp-content/themes/flatsome/assets/css/icons/fl-iconsae55.svg]
[daquyphongthuylnj.com/wp-content/themes/flatsome/assets/css/flatsome-shop.css]
[daquyphongthuylnj.com/wp-includes/js/jquery/jquery.min.js]
[daquyphongthuylnj.com/wp-includes/js/jquery/jquery-migrate.min.js]
[daquyphongthuylnj.com/wp-json/index.html]
[daquyphongthuylnj.com/wp-json/wp/v2/pages/2.json]
[daquyphongthuylnj.com/wp-includes/wlwmanifest.xml]
[daquyphongthuylnj.com/wp-json/oembed/1.0/embed48e3.json]
[daquyphongthuylnj.com/wp-json/oembed/1.0/embedde08]
[daquyphongthuylnj.com/wp-content/uploads/2021/11/cropped-LNJ-32x32.png]
[daquyphongthuylnj.com/wp-content/uploads/2021/11/cropped-LNJ-192x192.png]
[daquyphongthuylnj.com/wp-content/uploads/2021/11/cropped-LNJ-180x180.png]
[daquyphongthuylnj.com/wp-content/uploads/2018/08/mblike.png]
[daquyphongthuylnj.com/wp-admin/admin-ajax.php]
[daquyphongthuylnj.com/wp-content/plugins/woocommerce-products-filter/img/plus3.png]
[daquyphongthuylnj.com/cua-hang/index.html]
[daquyphongthuylnj.com/wp-content/plugins/woocommerce-products-filter/img/minus3.png]
[daquyphongthuylnj.com/wp-content/uploads/2021/11/logo-lnj-trang-2.svg]
[daquyphongthuylnj.com/wp-content/uploads/2018/07/phone.png]
[daquyphongthuylnj.com/tai-khoan/index.html]
[www.googletagmanager.com/gtag/js835c]
[daquyphongthuylnj.com/mai-giac-facet/index.html]
[daquyphongthuylnj.com/citrine/index.html]
[daquyphongthuylnj.com/topaz/index.html]
[www.youtube.com/channel/UCCNrsss19i7XHuaUWFQIJtg.html]
[daquyphongthuylnj.com/gio-hang/index.html]
[daquyphongthuylnj.com/wp-content/uploads/2021/12/gemstone.png]
[daquyphongthuylnj.com/kyanite/index.html]
[daquyphongthuylnj.com/sapphire/index.html]
[daquyphongthuylnj.com/zircon/index.html]
[daquyphongthuylnj.com/tourmaline/index.html]
[daquyphongthuylnj.com/wp-content/uploads/2021/11/icon_title_fe.png]
[daquyphongthuylnj.com/mai-tron-cabochon/index.html]
[daquyphongthuylnj.com/peridot/index.html]
[daquyphongthuylnj.com/garnet/index.html]
[daquyphongthuylnj.com/da-suu-tam/index.html]
[daquyphongthuylnj.com/wp-content/uploads/2021/11/icon_title_bs.png]
[daquyphongthuylnj.com/nhan-nu/index.html]
[daquyphongthuylnj.com/da-vip/index.html]
[daquyphongthuylnj.com/nhan/index.html]
[daquyphongthuylnj.com/nhan-nam/index.html]
[daquyphongthuylnj.com/wp-content/uploads/2021/11/bg_newsletter.jpg]
[daquyphongthuylnj.com/bong-tai/index.html]
[daquyphongthuylnj.com/mat-day-chuyen-da/index.html]
[daquyphongthuylnj.com/mat-day-chuyen/index.html]
[daquyphongthuylnj.com/mat-day-chuyen-vang-bac/index.html]
[daquyphongthuylnj.com/huong-dan/index.html]
[daquyphongthuylnj.com/chuyen-muc-da-quy/index.html]
[daquyphongthuylnj.com/blog/index.html]
[apis.google.com/js/platform.js]
[daquyphongthuylnj.com/lien-he/index.html]
[daquyphongthuylnj.com/gioi-thieu/index.html]
[daquyphongthuylnj.com/tong-hop-trang-suc-lnj-2022/index.html]
[daquyphongthuylnj.com/wp-content/uploads/2018/08/icon-telephone.png]
[daquyphongthuylnj.com/garnet-rhodolite/index.html]
[daquyphongthuylnj.com/da-garnet-cam-mai-giac-g0016/index.html]
[daquyphongthuylnj.com/da-garnet-mai-giac-g0010/index.html]
[daquyphongthuylnj.com/index1b3d.html]
[daquyphongthuylnj.com/wp-content/uploads/2022/01/icon-map.png]
[daquyphongthuylnj.com/da-topaz-swiss/index.html]
[daquyphongthuylnj.com/sapphire-den-sao/index.html]
[daquyphongthuylnj.com/thach-anh-tim-viet-nam-mai-cabochon-tat004/index.html]
[daquyphongthuylnj.com/indexc636.html]
[daquyphongthuylnj.com/wp-content/uploads/2022/01/icon-zalo-circle2.png.pagespeed.ce_.iUc59tfITH.png]
[daquyphongthuylnj.com/zircon-thien-nhien-mai-facet-z003/index.html]
[daquyphongthuylnj.com/tourmaline-facet-xanh-la-t002/index.html]
[daquyphongthuylnj.com/wp-content/uploads/2022/01/icon-angle-up.png.pagespeed.ce_.NGU5VowWiC.png]
[daquyphongthuylnj.com/kyanite-xanh-hero-mai-giac-k001/index.html]
[daquyphongthuylnj.com/indexe3e6.html]
[daquyphongthuylnj.com/indexea6e.html]
[daquyphongthuylnj.com/wp-content/uploads/2022/01/120009688_325579128711709_1736249742330805861_n.png]
[daquyphongthuylnj.com/da-garnet-tim-mai-giac-g0017/index.html]
[daquyphongthuylnj.com/sapphire-xanh-bich-giac-trai-tim-thien-nhien-vs009/index.html]
[daquyphongthuylnj.com/wp-content/uploads/2022/01/kisspng-iphone-sms-gateway-text-messaging-computer-icons-talk-5ac520649b9f84.9751091115228683246374.jpg]
[daquyphongthuylnj.com/natural-topaz-cam-nau-tp0001/index.html]
[daquyphongthuylnj.com/da-garnet-tim-hong-mai-giac-g0014/index.html]
[daquyphongthuylnj.com/index2094.html]
[daquyphongthuylnj.com/indexf153.html]
[daquyphongthuylnj.com/wp-content/uploads/2022/01/icon-phone-w.png]
[daquyphongthuylnj.com/da-xa-cu-mai-tron-len-nhan-xc002/index.html]
[daquyphongthuylnj.com/kyanite-xanh-hero-mai-giac-sang-dep-k008/index.html]
[zalo.me/0903177371.html]
[daquyphongthuylnj.com/ngoc-bich-thien-nhien-mai-tron-cabochon/index.html]
[daquyphongthuylnj.com/index0530.html]
[daquyphongthuylnj.com/indexf5d6.html]
[daquyphongthuylnj.com/wp-content/plugins/woocommerce-products-filter/js/tooltip/css/tooltipster.bundle.min.css]
[daquyphongthuylnj.com/da-topaz-swiss-mai-tron-cabochon-hang-ket-bo-vong-tay-bong-tai/index.html]
[daquyphongthuylnj.com/index2b6f.html]
[daquyphongthuylnj.com/wp-content/plugins/woocommerce-products-filter/js/tooltip/css/plugins/tooltipster/sideTip/themes/tooltipster-sideTip-noir.min.css]
[daquyphongthuylnj.com/emerald-thien-nhien-er002/index.html]
[daquyphongthuylnj.com/indexf814.html]
[daquyphongthuylnj.com/index4a68.html]
[daquyphongthuylnj.com/wp-includes/js/dist/vendor/regenerator-runtime.min.js]
[daquyphongthuylnj.com/ruby-luc-yen-viet-nam-mai-tron-r001/index.html]
[daquyphongthuylnj.com/da-mat-meo-thien-nhien-natural-cats-eye-moonstone/index.html]
[daquyphongthuylnj.com/wp-includes/js/dist/vendor/wp-polyfill.min.js]
[daquyphongthuylnj.com/da-xa-cu-mai-tron-len-nhan-xc003/index.html]
[daquyphongthuylnj.com/index72e6.html]
[daquyphongthuylnj.com/wp-content/plugins/contact-form-7/includes/js/index.js]
[daquyphongthuylnj.com/sapphire-sao-thien-nhien-mai-tron-sps008/index.html]
[daquyphongthuylnj.com/indexbfb5.html]
[daquyphongthuylnj.com/wp-content/plugins/ot-flatsome-vertical-menu/assets/vendor/superfish/hoverIntent.js]
[daquyphongthuylnj.com/indexef46.html]
[daquyphongthuylnj.com/da-fluorite-tho-trung-bay-phong-thuy-trang-tri-ho-rai-nen-nha/index.html]
[daquyphongthuylnj.com/wp-content/plugins/ot-flatsome-vertical-menu/assets/vendor/superfish/superfish.min.js]
[daquyphongthuylnj.com/index4865.html]
[daquyphongthuylnj.com/ho-phach-tho-thien-nhien-khong-su-ly/index.html]
[daquyphongthuylnj.com/index2489.html]
[daquyphongthuylnj.com/wp-content/plugins/ot-flatsome-vertical-menu/assets/js/ot-vertical-menu.min.js]
[daquyphongthuylnj.com/da-xa-cu-mai-tron-len-nhan-xc001/index.html]
[daquyphongthuylnj.com/indexc1bc.html]
[daquyphongthuylnj.com/wp-content/plugins/woocommerce/assets/js/jquery-blockui/jquery.blockUI.min.js]
[daquyphongthuylnj.com/tinh-the-tourmaline/index.html]
[daquyphongthuylnj.com/da-topaz-luan-don-thien-nhien-tho/index.html]
[daquyphongthuylnj.com/indexe35d.html]
[daquyphongthuylnj.com/indexacad.html]
[daquyphongthuylnj.com/wp-content/plugins/woocommerce/assets/js/frontend/add-to-cart.min.js]
[daquyphongthuylnj.com/da-saphire-thien-nhien-tho/index.html]
[daquyphongthuylnj.com/wp-content/plugins/woocommerce/assets/js/js-cookie/js.cookie.min.js]
[daquyphongthuylnj.com/da-spinel-thien-nhien-tho/index.html]
[daquyphongthuylnj.com/da-topaz-xanh-thien-nhien-tho/index.html]
[daquyphongthuylnj.com/nhan-nam-vang-trang14k-da-zircon-cam-dao-lnj0300/index.html]
[daquyphongthuylnj.com/nhan-nam-vang-14k-da-citrine-thien-nhien/index.html]
[daquyphongthuylnj.com/wp-content/plugins/woocommerce/assets/js/frontend/woocommerce.min.js]
[daquyphongthuylnj.com/nhan-bac-925-da-periodot-lnj0301/index.html]
[daquyphongthuylnj.com/index7791.html]
[daquyphongthuylnj.com/wp-content/plugins/woocommerce/assets/js/frontend/cart-fragments.min.js]
[daquyphongthuylnj.com/nhan-cap-nam-nu-dinh-da-thien-nhien-cao-cap-lnj00263/index.html]
[daquyphongthuylnj.com/wp-includes/js/underscore.min.js]
[daquyphongthuylnj.com/nhan-nam-vang-trang-14k-da-topaz-trang-lnj00262/index.html]
[daquyphongthuylnj.com/indexcb56.html]
[daquyphongthuylnj.com/index1bf2.html]
[daquyphongthuylnj.com/index231a.html]
[daquyphongthuylnj.com/wp-includes/js/wp-util.min.js]
[daquyphongthuylnj.com/nhan-vang-ca-chep-hoa-rong-nam-phong-thuy-da-citrine-lnj00261/index.html]
[daquyphongthuylnj.com/nhan-rong-nam-phong-thuy-da-citrine-lnj00259/index.html]
[daquyphongthuylnj.com/wp-content/plugins/woocommerce/assets/js/frontend/add-to-cart-variation.min.js]
[daquyphongthuylnj.com/indexee21.html]
[daquyphongthuylnj.com/index6405.html]
[daquyphongthuylnj.com/nhan-nam-vang-10k-da-topaz-nau-vang-lnj00258/index.html]
[daquyphongthuylnj.com/wp-content/plugins/yith-woocommerce-color-label-variations-premium/assets/js/yith-wccl.min.js]
[daquyphongthuylnj.com/nhan-nu-vang-14k-da-peridot-nb00091/index.html]
[daquyphongthuylnj.com/nhan-nu-vang-14k-da-zircon-cam-dao-nb00090/index.html]
[daquyphongthuylnj.com/index5454.html]
[daquyphongthuylnj.com/wp-content/themes/flatsome/inc/extensions/flatsome-live-search/flatsome-live-search.js]
[daquyphongthuylnj.com/nhan-nu-dinh-da-quy-nn024/index.html]
[daquyphongthuylnj.com/nhan-nu-dinh-da-garnet-nn022/index.html]
[daquyphongthuylnj.com/wp-includes/js/hoverIntent.min.js]
[daquyphongthuylnj.com/nhan-nu-dinh-da-quy-nn023/index.html]
[daquyphongthuylnj.com/indexbba5.html]
[daquyphongthuylnj.com/wp-content/themes/flatsome/assets/js/flatsome.js]
[daquyphongthuylnj.com/index8b2d.html]
[daquyphongthuylnj.com/nhan-nu-vang-18k-dinh-da-garnet-nn019/index.html]
[daquyphongthuylnj.com/indexf363.html]
[daquyphongthuylnj.com/wp-content/themes/flatsome/inc/extensions/flatsome-lazy-load/flatsome-lazy-load.js]
[daquyphongthuylnj.com/indexbc8c.html]
[daquyphongthuylnj.com/nhan-nu-dinh-da-garnet-nn020/index.html]
[daquyphongthuylnj.com/wp-content/themes/flatsome/assets/js/woocommerce.js]
[daquyphongthuylnj.com/index9cd5.html]
[daquyphongthuylnj.com/index9d73.html]
[daquyphongthuylnj.com/nhan-nu-dinh-da-garnet-nn021/index.html]
[daquyphongthuylnj.com/wp-includes/js/wp-embed.min.js]
[daquyphongthuylnj.com/mat-day-chuyen-vang-hong-14k-da-garnet-lnj0037/index.html]
[daquyphongthuylnj.com/mat-day-chuyen-vang-trang-14k-da-thach-anh-tim-bong-tuyet-lnj0036/index.html]
[daquyphongthuylnj.com/indexc5bd.html]
[daquyphongthuylnj.com/wp-content/plugins/woocommerce-products-filter/js/tooltip/js/tooltipster.bundle.min.js]
[daquyphongthuylnj.com/mat-day-chuyen-vang-trang-14k-da-garnet-bong-tuyet-lnj0035/index.html]
[daquyphongthuylnj.com/wp-content/plugins/woocommerce-products-filter/js/icheck/icheck.min.js]
[daquyphongthuylnj.com/mat-day-chuyen-vang-14k-da-peridot-bong-tuyet-lnj0034/index.html]
[daquyphongthuylnj.com/indexbd97.html]
[daquyphongthuylnj.com/wp-content/plugins/woocommerce-products-filter/js/front.js]
[daquyphongthuylnj.com/indexf3d7.html]
[daquyphongthuylnj.com/indexb38b.html]
[daquyphongthuylnj.com/mat-day-chuyen-vang-14k-da-thien-nhien-lnj0032/index.html]
[daquyphongthuylnj.com/index98bf.html]
[daquyphongthuylnj.com/wp-content/plugins/woocommerce-products-filter/js/html_types/radio.js]
[daquyphongthuylnj.com/mat-day-chuyen-bac-da-aquamarine-mcd0022/index.html]
[daquyphongthuylnj.com/mat-day-chuyen-bac-da-tourmaline-mcd0021/index.html]
[daquyphongthuylnj.com/wp-content/plugins/woocommerce-products-filter/js/html_types/checkbox.js]
[daquyphongthuylnj.com/mat-day-chuyen-da-quy-mcd0019/index.html]
[daquyphongthuylnj.com/wp-content/plugins/woocommerce-products-filter/js/html_types/select.js]
[daquyphongthuylnj.com/indexbf31.html]
[daquyphongthuylnj.com/wp-content/plugins/woocommerce-products-filter/js/html_types/mselect.js]
[daquyphongthuylnj.com/index0d8e.html]
[daquyphongthuylnj.com/bong-tai-topaz-vang-trang-18k/index.html]
[daquyphongthuylnj.com/wp-content/plugins/woocommerce-products-filter/ext/color/js/html_types/color.js]
[daquyphongthuylnj.com/index33a1.html]
[daquyphongthuylnj.com/index2f57.html]
[daquyphongthuylnj.com/bong-tai-dinh-da-bt029/index.html]
[daquyphongthuylnj.com/wp-content/plugins/woocommerce-products-filter/js/chosen/chosen.jquery.min.js]
[daquyphongthuylnj.com/index49d1.html]
[daquyphongthuylnj.com/bong-tai-dinh-da-bt030/index.html]
[daquyphongthuylnj.com/wp-content/plugins/woocommerce-products-filter/js/malihu-custom-scrollbar/jquery.mousewheel.min.js]
[daquyphongthuylnj.com/index13e5.html]
[daquyphongthuylnj.com/index3f86.html]
[daquyphongthuylnj.com/bong-tai-dinh-da-bt025/index.html]
[daquyphongthuylnj.com/wp-content/plugins/woocommerce-products-filter/js/malihu-custom-scrollbar/jquery.mCustomScrollbar.min.js]
[daquyphongthuylnj.com/bong-tai-dinh-da-bt026/index.html]
[daquyphongthuylnj.com/bong-tai-dinh-da-bt027/index.html]
[daquyphongthuylnj.com/wp-content/plugins/woocommerce-products-filter/js/malihu-custom-scrollbar/jquery.mCustomScrollbar.concat.min.js]
[daquyphongthuylnj.com/index.html]
[daquyphongthuylnj.com/bong-tai-dinh-da-bt028/index.html]
[daquyphongthuylnj.com/index5414.html]
[daquyphongthuylnj.com/index9307.html]
[gmpg.org/xfn/default.css]
[daquyphongthuylnj.com/index2adf.html]
[daquyphongthuylnj.com/index2a51.html]
[daquyphongthuylnj.com/bong-tai-dinh-da-bt024/index.html]
[gmpg.org/xfn/.html]
[gmpg.org/xfn/intro.html]
[daquyphongthuylnj.com/peridot-gia-lai-mai-giac-p004/index.html]
[daquyphongthuylnj.com/natural-zircon-zircon-trang-thien-nhien-facet-0015/index.html]
[gmpg.org/xfn/faq.html]
[gmpg.org/xfn/11.html]
[daquyphongthuylnj.com/index89a7.html]
[daquyphongthuylnj.com/xmlrpc.html]
[daquyphongthuylnj.com/natural-blue-zircon-zircon-xanh-lam-thien-nhien-facet-0014/index.html]
[daquyphongthuylnj.com/index05ab.html]
[daquyphongthuylnj.com/index654c.html]
[daquyphongthuylnj.com/nen-deo-nhan-vao-ngon-nao/index.html]
[fonts.googleapis.com/index.html]
[daquyphongthuylnj.com/25-dieu-ban-chua-biet-ve-ngoc-de-quang-chrysoprase/index.html]
[daquyphongthuylnj.com/da-emerald-thien-nhien-la-gi-nhung-dieu-ban-chua-biet-ve-ngoc-luc-bao/index.html]
[s.w.org/index.html]
[daquyphongthuylnj.com/chinh-sach-bao-hanh/index.html]
[daquyphongthuylnj.com/index27f5.html]
[daquyphongthuylnj.com/chinh-sach-bao-mat/index.html]
[fonts.googleapis.com/cssdded.css]
[daquyphongthuylnj.com/xmlrpc0db0.html]
[www.google.com/maps/dir/LNJ+Trang+Sức+Đá+Quý+Phong+Thủy+-+Natural+gemst/31+Phan+Sào+Nam,+Phường+11,+Tân+Bình,+Thành+phố/@10.7880653,106.6443013,15z/data=!4m8!4m7!1m0!1m5!1m1!1s0x31752fbcf52859ed_0x16]
[daquyphongthuylnj.com/wp-content/plugins/woocommerce-products-filter/img/delete.png]
[daquyphongthuylnj.com/cua-hang/index.html]
[daquyphongthuylnj.com/wp-content/plugins/woocommerce-products-filter/index.html]
[daquyphongthuylnj.com/wp-admin/admin-ajax.html]
[daquyphongthuylnj.com/cua-hang/page/2/index.html]
[daquyphongthuylnj.com/wp-content/plugins/woo-vietnam-checkout/assets/css/devvn_dwas_style.css]
[daquyphongthuylnj.com/tai-khoan/lost-password/index.html]
[daquyphongthuylnj.com/wp-content/plugins/woocommerce/assets/css/select2.css]
[daquyphongthuylnj.com/wp-json/wp/v2/pages/9.json]
[daquyphongthuylnj.com/wp-json/oembed/1.0/embed7ce8.json]
[daquyphongthuylnj.com/tai-khoan/index.html]
[daquyphongthuylnj.com/wp-json/oembed/1.0/embed589f]
[daquyphongthuylnj.com/wp-json/wp/v2/pages/7.json]
[daquyphongthuylnj.com/wp-json/oembed/1.0/embed36ce.json]
[daquyphongthuylnj.com/wp-json/oembed/1.0/embed9f3f]
[daquyphongthuylnj.com/gio-hang/index.html]
[daquyphongthuylnj.com/mai-giac-facet/page/2/index.html]
[daquyphongthuylnj.com/wp-json/wp/v2/product_cat/98.json]
[daquyphongthuylnj.com/mai-giac-facet/index.html]
[daquyphongthuylnj.com/wp-json/wp/v2/product_cat/102.json]
[daquyphongthuylnj.com/citrine/index.html]
[daquyphongthuylnj.com/wp-json/wp/v2/product_cat/105.json]
[daquyphongthuylnj.com/topaz/index.html]
[daquyphongthuylnj.com/sapphire/index.html]
[daquyphongthuylnj.com/wp-json/wp/v2/product_cat/167.json]
[daquyphongthuylnj.com/kyanite/index.html]
[daquyphongthuylnj.com/wp-json/wp/v2/product_cat/171.json]
[daquyphongthuylnj.com/zircon/index.html]
[daquyphongthuylnj.com/wp-json/wp/v2/product_cat/159.json]
[daquyphongthuylnj.com/wp-json/wp/v2/product_cat/154.json]
[daquyphongthuylnj.com/tourmaline/index.html]
[daquyphongthuylnj.com/peridot/index.html]
[daquyphongthuylnj.com/wp-json/wp/v2/product_cat/108.json]
[daquyphongthuylnj.com/garnet/index.html]
[daquyphongthuylnj.com/wp-json/wp/v2/product_cat/99.json]
[daquyphongthuylnj.com/wp-json/wp/v2/product_cat/111.json]
[daquyphongthuylnj.com/mai-tron-cabochon/index.html]
[daquyphongthuylnj.com/wp-json/wp/v2/product_cat/124.json]
[daquyphongthuylnj.com/da-suu-tam/index.html]
[daquyphongthuylnj.com/wp-json/wp/v2/product_cat/185.json]
[daquyphongthuylnj.com/da-vip/index.html]
[daquyphongthuylnj.com/nhan/page/2/index.html]
[daquyphongthuylnj.com/wp-json/wp/v2/product_cat/120.json]
[daquyphongthuylnj.com/nhan/index.html]
[daquyphongthuylnj.com/wp-json/wp/v2/product_cat/125.json]
[daquyphongthuylnj.com/nhan-nu/index.html]
[daquyphongthuylnj.com/nhan-nu/page/2/index.html]
[daquyphongthuylnj.com/wp-json/wp/v2/product_cat/121.json]
[daquyphongthuylnj.com/nhan-nam/index.html]
[daquyphongthuylnj.com/nhan-nam/page/2/index.html]
[daquyphongthuylnj.com/wp-json/wp/v2/product_cat/139.json]
[daquyphongthuylnj.com/mat-day-chuyen/index.html]
[daquyphongthuylnj.com/wp-json/wp/v2/product_cat/143.json]
[daquyphongthuylnj.com/mat-day-chuyen-da/index.html]
[daquyphongthuylnj.com/wp-json/wp/v2/product_cat/142.json]
[daquyphongthuylnj.com/mat-day-chuyen-vang-bac/index.html]
[daquyphongthuylnj.com/bong-tai/index.html]
[daquyphongthuylnj.com/blog/index.html]
[daquyphongthuylnj.com/wp-json/wp/v2/product_cat/157.json]
[daquyphongthuylnj.com/blog/page/2/index.html]
[daquyphongthuylnj.com/chuyen-muc-da-quy/page/2/index.html]
[daquyphongthuylnj.com/wp-json/wp/v2/categories/176.json]
[daquyphongthuylnj.com/chuyen-muc-da-quy/index.html]
[daquyphongthuylnj.com/wp-json/wp/v2/categories/179.json]
[daquyphongthuylnj.com/huong-dan/index.html]
[daquyphongthuylnj.com/wp-json/wp/v2/pages/96.json]
[daquyphongthuylnj.com/wp-json/oembed/1.0/embede0c9.json]
[daquyphongthuylnj.com/wp-json/oembed/1.0/embed7beb]
[daquyphongthuylnj.com/gioi-thieu/index.html]
[daquyphongthuylnj.com/wp-json/wp/v2/pages/92.json]
[daquyphongthuylnj.com/wp-json/oembed/1.0/embed9a0c.json]
[daquyphongthuylnj.com/lien-he/index.html]
[daquyphongthuylnj.com/wp-json/oembed/1.0/embedffaf]
[daquyphongthuylnj.com/wp-json/wp/v2/posts/3578.json]
[daquyphongthuylnj.com/wp-json/oembed/1.0/embedc769.json]
[daquyphongthuylnj.com/tong-hop-trang-suc-lnj-2022/index.html]
[daquyphongthuylnj.com/wp-json/oembed/1.0/embed16fe]
[www.youtube.com/s/desktop/ad3ffe7b/img/favicon.ico]
[www.youtube.com/s/desktop/ad3ffe7b/img/favicon_32x32.png]
[www.youtube.com/s/desktop/ad3ffe7b/img/favicon_48x48.png]
[www.youtube.com/s/desktop/ad3ffe7b/img/favicon_96x96.png]
[www.youtube.com/s/desktop/ad3ffe7b/img/favicon_144x144.png]
[www.youtube.com/opensearch97fa]
[www.youtube.com/manifest.webmanifest]
[www.youtube.com/feeds/videosd78b.xml]
[yt3.ggpht.com/ytc/unnamed.jpg]
[www.youtube.com/channel/UCCNrsss19i7XHuaUWFQIJtg.html]
[daquyphongthuylnj.com/wp-content/plugins/woocommerce/assets/css/photoswipe/photoswipe.min.css]
[daquyphongthuylnj.com/wp-content/plugins/woocommerce/assets/css/photoswipe/default-skin/default-skin.min.css]
[daquyphongthuylnj.com/wp-json/wp/v2/product/2477.json]
[daquyphongthuylnj.com/wp-json/oembed/1.0/embed9099]
[daquyphongthuylnj.com/wp-json/oembed/1.0/embed.9b8c9e.delayed]
[daquyphongthuylnj.com/wp-content/uploads/2018/08/productdetail-icon5.png]
[daquyphongthuylnj.com/wp-content/uploads/2018/08/productdetail-icon4.png]
[daquyphongthuylnj.com/wp-content/uploads/2018/08/productdetail-icon3.png]
[daquyphongthuylnj.com/wp-content/uploads/2018/08/productdetail-icon1.png]
[daquyphongthuylnj.com/wp-content/uploads/2021/11/garnet-G0010-300x300.jpg]
[daquyphongthuylnj.com/da-garnet-mai-giac-g0010/index.html]
[daquyphongthuylnj.com/index1b3d.html]
[daquyphongthuylnj.com/wp-json/wp/v2/product/1200.json]
[daquyphongthuylnj.com/wp-json/oembed/1.0/embed.a25710.delayed]
[daquyphongthuylnj.com/wp-json/oembed/1.0/embed0414]
[daquyphongthuylnj.com/wp-content/uploads/2021/11/Garnet-Rhodolite-300x300.jpg]
[daquyphongthuylnj.com/garnet-rhodolite/index.html]
[daquyphongthuylnj.com/wp-json/wp/v2/product/2515.json]
[daquyphongthuylnj.com/wp-json/oembed/1.0/embed9e34]
[daquyphongthuylnj.com/wp-json/oembed/1.0/embed6764]
[daquyphongthuylnj.com/wp-content/uploads/2021/11/garnet-G0016-300x300.jpg]
[daquyphongthuylnj.com/da-garnet-cam-mai-giac-g0016/index.html]
[daquyphongthuylnj.com/indexc636.html]
[daquyphongthuylnj.com/wp-json/wp/v2/product/1207.json]
[daquyphongthuylnj.com/wp-json/oembed/1.0/embed5c82]
[daquyphongthuylnj.com/wp-json/oembed/1.0/embed79e1]
[daquyphongthuylnj.com/wp-content/uploads/2021/11/topaz-swiss-1-300x300.jpg]
[daquyphongthuylnj.com/da-topaz-swiss/index.html]
[daquyphongthuylnj.com/wp-json/wp/v2/product/1204.json]
[daquyphongthuylnj.com/wp-json/oembed/1.0/embed0903]
[daquyphongthuylnj.com/wp-json/oembed/1.0/embed4363]
[daquyphongthuylnj.com/wp-content/uploads/2021/11/sapphire-den-sao-3-300x300.jpg]
[daquyphongthuylnj.com/sapphire-den-sao/index.html]
[daquyphongthuylnj.com/wp-json/wp/v2/product/3335.json]
[daquyphongthuylnj.com/wp-json/oembed/1.0/embed91e8]
[daquyphongthuylnj.com/wp-json/oembed/1.0/embed.b35e20.delayed]
[daquyphongthuylnj.com/thach-anh-tim-viet-nam-mai-cabochon-tat004/index.html]
[daquyphongthuylnj.com/wp-content/uploads/2021/12/Thach-Anh-Tim-Viet-Nam-Mai-Tron-TAT004-300x300.jpg]
[daquyphongthuylnj.com/indexe3e6.html]
[daquyphongthuylnj.com/tinh-the/index.html]
[daquyphongthuylnj.com/wp-json/wp/v2/product/1809.json]
[daquyphongthuylnj.com/wp-json/oembed/1.0/embed27eb]
[daquyphongthuylnj.com/wp-json/oembed/1.0/embedee21]
[daquyphongthuylnj.com/wp-content/uploads/2021/11/Tourmaline-T002-1-300x300.jpg]
[daquyphongthuylnj.com/tourmaline-facet-xanh-la-t002/index.html]
[daquyphongthuylnj.com/wp-json/wp/v2/product/2073.json]
[daquyphongthuylnj.com/wp-json/oembed/1.0/embedec83]
[daquyphongthuylnj.com/wp-json/oembed/1.0/embedfffa]
[daquyphongthuylnj.com/wp-content/uploads/2021/11/da-zircon-thien-nhien-7-300x300.jpg]
[daquyphongthuylnj.com/zircon-thien-nhien-mai-facet-z003/index.html]
[daquyphongthuylnj.com/wp-json/wp/v2/product/2599.json]
[daquyphongthuylnj.com/wp-json/oembed/1.0/embed30fe]
[daquyphongthuylnj.com/wp-json/oembed/1.0/embed4b46]
[daquyphongthuylnj.com/kyanite-xanh-hero-mai-giac-k001/index.html]
[daquyphongthuylnj.com/wp-content/uploads/2021/11/kyanite-1-300x300.jpg]
[daquyphongthuylnj.com/indexea6e.html]
[daquyphongthuylnj.com/wp-json/wp/v2/product/2516.json]
[daquyphongthuylnj.com/wp-json/oembed/1.0/embed805e]
[daquyphongthuylnj.com/wp-json/oembed/1.0/embed70a0]
[daquyphongthuylnj.com/wp-content/uploads/2021/11/garnet-G0017-300x300.jpg]
[daquyphongthuylnj.com/da-garnet-tim-mai-giac-g0017/index.html]
[daquyphongthuylnj.com/indexf153.html]
[daquyphongthuylnj.com/wp-json/wp/v2/product/2581.json]
[daquyphongthuylnj.com/wp-json/oembed/1.0/embed1e2f]
[daquyphongthuylnj.com/wp-json/oembed/1.0/embed88fb]
[daquyphongthuylnj.com/wp-content/uploads/2021/11/sapphire-vang-vs009-300x300.jpg]
[daquyphongthuylnj.com/sapphire-xanh-bich-giac-trai-tim-thien-nhien-vs009/index.html]
[daquyphongthuylnj.com/index2094.html]
[daquyphongthuylnj.com/wp-json/wp/v2/product/2632.json]
[daquyphongthuylnj.com/wp-json/oembed/1.0/embed8ced]
[daquyphongthuylnj.com/wp-json/oembed/1.0/embed1bb7]
[daquyphongthuylnj.com/wp-content/uploads/2021/11/TP001-300x300.jpg]
[daquyphongthuylnj.com/natural-topaz-cam-nau-tp0001/index.html]
[daquyphongthuylnj.com/wp-json/wp/v2/product/2497.json]
[daquyphongthuylnj.com/wp-json/oembed/1.0/embeddf6d]
[daquyphongthuylnj.com/wp-json/oembed/1.0/embed8d7b]
[daquyphongthuylnj.com/wp-content/uploads/2021/11/garnet-G0014-300x300.jpg]
[daquyphongthuylnj.com/da-garnet-tim-hong-mai-giac-g0014/index.html]
[daquyphongthuylnj.com/index0530.html]
[daquyphongthuylnj.com/wp-json/wp/v2/product/2630.json]
[daquyphongthuylnj.com/wp-json/oembed/1.0/embed8fc7]
[daquyphongthuylnj.com/wp-json/oembed/1.0/embed8c9d]
[daquyphongthuylnj.com/kyanite-xanh-hero-mai-giac-sang-dep-k008/index.html]
[daquyphongthuylnj.com/wp-content/uploads/2021/11/kyanite-7-300x300.jpg]
[daquyphongthuylnj.com/indexf5d6.html]
[daquyphongthuylnj.com/wp-json/wp/v2/product/3281.json]
[daquyphongthuylnj.com/wp-json/oembed/1.0/embed4718]
[daquyphongthuylnj.com/wp-json/oembed/1.0/embeda135]
[daquyphongthuylnj.com/wp-content/uploads/2021/12/Xa-cu-mai-tron-xc002-300x300.jpg]
[daquyphongthuylnj.com/da-xa-cu-mai-tron-len-nhan-xc002/index.html]
[daquyphongthuylnj.com/index2b6f.html]
[daquyphongthuylnj.com/wp-json/wp/v2/product/3500.json]
[daquyphongthuylnj.com/wp-json/oembed/1.0/embed6c16]
[daquyphongthuylnj.com/wp-json/oembed/1.0/embed651f]
[daquyphongthuylnj.com/wp-content/uploads/2022/02/Ngoc-Bich-Mai-tron-11-300x300.jpg]
[daquyphongthuylnj.com/ngoc-bich-thien-nhien-mai-tron-cabochon/index.html]
[daquyphongthuylnj.com/index4a68.html]
[daquyphongthuylnj.com/wp-json/wp/v2/product/3412.json]
[daquyphongthuylnj.com/wp-json/oembed/1.0/embed2ecb]
[daquyphongthuylnj.com/wp-json/oembed/1.0/embed6990]
[daquyphongthuylnj.com/wp-content/uploads/2021/12/topaz-swiss-Mai-Cabochon-4-300x300.jpg]
[daquyphongthuylnj.com/da-topaz-swiss-mai-tron-cabochon-hang-ket-bo-vong-tay-bong-tai/index.html]
[daquyphongthuylnj.com/indexf814.html]
[daquyphongthuylnj.com/wp-json/wp/v2/product/3305.json]
[daquyphongthuylnj.com/wp-json/oembed/1.0/embed6a8a]
[daquyphongthuylnj.com/wp-json/oembed/1.0/embedfed9]
[daquyphongthuylnj.com/emerald-thien-nhien-er002/index.html]
[daquyphongthuylnj.com/wp-content/uploads/2021/12/Emeral-ngoc-luc-bao-002--300x300.jpg]
[daquyphongthuylnj.com/index72e6.html]
[daquyphongthuylnj.com/wp-json/wp/v2/product/3521.json]
[daquyphongthuylnj.com/wp-json/oembed/1.0/embed4868]
[daquyphongthuylnj.com/wp-json/oembed/1.0/embeda278]
[daquyphongthuylnj.com/wp-content/uploads/2022/03/Da-mat-trang-Thien-Nhien-4-300x300.jpg]
[daquyphongthuylnj.com/da-mat-meo-thien-nhien-natural-cats-eye-moonstone/index.html]
[daquyphongthuylnj.com/indexbfb5.html]
[daquyphongthuylnj.com/wp-json/wp/v2/product/3340.json]
[daquyphongthuylnj.com/wp-json/oembed/1.0/embedb304]
[daquyphongthuylnj.com/wp-json/oembed/1.0/embed7b4c]
[daquyphongthuylnj.com/wp-content/uploads/2021/12/Ruby-Luc-Yen-Viet-Nam-Cabochon-R001-300x300.jpg]
[daquyphongthuylnj.com/ruby-luc-yen-viet-nam-mai-tron-r001/index.html]
[daquyphongthuylnj.com/indexef46.html]
[daquyphongthuylnj.com/wp-json/wp/v2/product/3287.json]
[daquyphongthuylnj.com/wp-json/oembed/1.0/embed31f2]
[daquyphongthuylnj.com/wp-json/oembed/1.0/embed78c0]
[daquyphongthuylnj.com/da-xa-cu-mai-tron-len-nhan-xc003/index.html]
[daquyphongthuylnj.com/wp-content/uploads/2021/12/Xa-cu-mai-tron-xc003-300x300.jpg]
[daquyphongthuylnj.com/index4865.html]
[daquyphongthuylnj.com/wp-json/wp/v2/product/3261.json]
[daquyphongthuylnj.com/wp-json/oembed/1.0/embedee1c]
[daquyphongthuylnj.com/wp-json/oembed/1.0/embed5fcb]
[daquyphongthuylnj.com/wp-content/uploads/2021/12/sapphire-sao-sps008-300x300.jpg]
[daquyphongthuylnj.com/sapphire-sao-thien-nhien-mai-tron-sps008/index.html]
[daquyphongthuylnj.com/index2489.html]
[daquyphongthuylnj.com/wp-json/wp/v2/product/3543.json]
[daquyphongthuylnj.com/wp-json/oembed/1.0/embeda846]
[daquyphongthuylnj.com/wp-json/oembed/1.0/embeda9ba]
[daquyphongthuylnj.com/da-fluorite-tho-trung-bay-phong-thuy-trang-tri-ho-rai-nen-nha/index.html]
[daquyphongthuylnj.com/wp-content/uploads/2022/04/Da-Flourite-Tho-5-300x300.jpg]
[daquyphongthuylnj.com/indexc1bc.html]
[daquyphongthuylnj.com/wp-json/wp/v2/product/3499.json]
[daquyphongthuylnj.com/wp-json/oembed/1.0/embed665d]
[daquyphongthuylnj.com/wp-json/oembed/1.0/embedca3a]
[daquyphongthuylnj.com/wp-content/uploads/2022/02/Ho-phach-tho-thien-nhien-4-300x300.jpg]
[daquyphongthuylnj.com/ho-phach-tho-thien-nhien-khong-su-ly/index.html]
[daquyphongthuylnj.com/indexe35d.html]
[daquyphongthuylnj.com/wp-json/wp/v2/product/3276.json]
[daquyphongthuylnj.com/wp-json/oembed/1.0/embed2a5d]
[daquyphongthuylnj.com/wp-json/oembed/1.0/embed9a8f]
[daquyphongthuylnj.com/da-xa-cu-mai-tron-len-nhan-xc001/index.html]
[daquyphongthuylnj.com/wp-content/uploads/2021/12/Xa-cu-mai-tron-xc001-300x300.jpg]
[daquyphongthuylnj.com/indexacad.html]
[daquyphongthuylnj.com/wp-json/wp/v2/product/1807.json]
[daquyphongthuylnj.com/wp-json/oembed/1.0/embedf7ac]
[daquyphongthuylnj.com/wp-json/oembed/1.0/embedeb39]
[daquyphongthuylnj.com/wp-content/uploads/2021/11/Tourmaline-Tho-2-300x300.jpg]
[daquyphongthuylnj.com/tinh-the-tourmaline/index.html]
[daquyphongthuylnj.com/wp-json/wp/v2/product/1805.json]
[daquyphongthuylnj.com/wp-json/oembed/1.0/embedbe8a]
[daquyphongthuylnj.com/wp-json/oembed/1.0/embed9978]
[daquyphongthuylnj.com/wp-content/uploads/2021/11/topaz-london-tho-2-300x300.jpg]
[daquyphongthuylnj.com/da-topaz-luan-don-thien-nhien-tho/index.html]
[daquyphongthuylnj.com/wp-json/wp/v2/product/1806.json]
[daquyphongthuylnj.com/wp-json/oembed/1.0/embedc092]
[daquyphongthuylnj.com/wp-json/oembed/1.0/embeded22]
[daquyphongthuylnj.com/wp-content/uploads/2021/11/Topaz-Xanh-Tho-2-300x300.jpg]
[daquyphongthuylnj.com/da-topaz-xanh-thien-nhien-tho/index.html]
[daquyphongthuylnj.com/wp-json/wp/v2/product/1803.json]
[daquyphongthuylnj.com/wp-json/oembed/1.0/embed49a1]
[daquyphongthuylnj.com/wp-json/oembed/1.0/embed2184]
[daquyphongthuylnj.com/da-saphire-thien-nhien-tho/index.html]
[daquyphongthuylnj.com/wp-content/uploads/2021/11/Sapphire-tho-2-300x300.jpg]
[daquyphongthuylnj.com/wp-json/wp/v2/product/1804.json]
[daquyphongthuylnj.com/wp-json/oembed/1.0/embed2821]
[daquyphongthuylnj.com/wp-json/oembed/1.0/embedff4b]
[daquyphongthuylnj.com/wp-content/uploads/2021/11/spinel-tho-1-300x300.jpg]
[daquyphongthuylnj.com/da-spinel-thien-nhien-tho/index.html]
[daquyphongthuylnj.com/wp-json/wp/v2/product/3536.json]
[daquyphongthuylnj.com/wp-json/oembed/1.0/embed430c]
[daquyphongthuylnj.com/wp-json/oembed/1.0/embed8cb4]
[daquyphongthuylnj.com/nhan-nam-vang-trang14k-da-zircon-cam-dao-lnj0300/index.html]
[daquyphongthuylnj.com/wp-content/uploads/2022/03/Nhan-Nam-vang-Trang-14k-Da-Zircon-Cam-Dao-2-300x300.jpg]
[daquyphongthuylnj.com/index7791.html]
[daquyphongthuylnj.com/wp-json/wp/v2/product/3531.json]
[daquyphongthuylnj.com/wp-json/oembed/1.0/embed8532]
[daquyphongthuylnj.com/wp-json/oembed/1.0/embed59e5]
[daquyphongthuylnj.com/wp-content/uploads/2022/03/nhan-nam-vang-14k-da-citrine-1-300x300.jpg]
[daquyphongthuylnj.com/nhan-nam-vang-14k-da-citrine-thien-nhien/index.html]
[daquyphongthuylnj.com/index1bf2.html]
[daquyphongthuylnj.com/wp-json/wp/v2/product/3526.json]
[daquyphongthuylnj.com/wp-json/oembed/1.0/embed0762]
[daquyphongthuylnj.com/wp-json/oembed/1.0/embed7e3c]
[daquyphongthuylnj.com/wp-content/uploads/2022/03/nhan-bac-da-peridot-3-300x300.jpg]
[daquyphongthuylnj.com/nhan-bac-925-da-periodot-lnj0301/index.html]
[daquyphongthuylnj.com/indexcb56.html]
[daquyphongthuylnj.com/wp-json/wp/v2/product/3463.json]
[daquyphongthuylnj.com/wp-json/oembed/1.0/embed81af]
[daquyphongthuylnj.com/wp-json/oembed/1.0/embed.12305cd.delayed]
[daquyphongthuylnj.com/nhan-cap-nam-nu-dinh-da-thien-nhien-cao-cap-lnj00263/index.html]
[daquyphongthuylnj.com/wp-content/uploads/2021/12/Nhan-da-thien-nhien-cao-cap-7-300x300.jpg]
[daquyphongthuylnj.com/index231a.html]
[daquyphongthuylnj.com/wp-json/wp/v2/product/3459.json]
[daquyphongthuylnj.com/wp-json/oembed/1.0/embed77aa]
[daquyphongthuylnj.com/wp-json/oembed/1.0/embedf964]
[daquyphongthuylnj.com/wp-content/uploads/2021/12/Nhan-da-thien-nhien-cao-cap-4-300x300.jpg]
[daquyphongthuylnj.com/nhan-nam-vang-trang-14k-da-topaz-trang-lnj00262/index.html]
[daquyphongthuylnj.com/indexee21.html]
[daquyphongthuylnj.com/wp-json/wp/v2/product/3222.json]
[daquyphongthuylnj.com/wp-json/oembed/1.0/embed312d]
[daquyphongthuylnj.com/wp-json/oembed/1.0/embed8ff1]
[daquyphongthuylnj.com/nhan-vang-ca-chep-hoa-rong-nam-phong-thuy-da-citrine-lnj00261/index.html]
[daquyphongthuylnj.com/wp-content/uploads/2021/12/nhan-ca-chep-hoa-rong-1-300x300.jpg]
[daquyphongthuylnj.com/index6405.html]
[daquyphongthuylnj.com/wp-json/wp/v2/product/3176.json]
[daquyphongthuylnj.com/wp-json/oembed/1.0/embedf02b]
[daquyphongthuylnj.com/wp-json/oembed/1.0/embedd5de]
[daquyphongthuylnj.com/wp-content/uploads/2021/12/Nhan-Rong-Phong-Thuy-2-300x300.jpg]
[daquyphongthuylnj.com/nhan-rong-nam-phong-thuy-da-citrine-lnj00259/index.html]
[daquyphongthuylnj.com/wp-json/wp/v2/product/3172.json]
[daquyphongthuylnj.com/wp-json/oembed/1.0/embed4d7f]
[daquyphongthuylnj.com/wp-json/oembed/1.0/embed5e2a]
[daquyphongthuylnj.com/wp-content/uploads/2021/12/nhan-nam-vang-10k-da-topaz-nau-vang-1-300x300.jpg]
[daquyphongthuylnj.com/nhan-nam-vang-10k-da-topaz-nau-vang-lnj00258/index.html]
[daquyphongthuylnj.com/index5454.html]
[daquyphongthuylnj.com/wp-json/wp/v2/product/3150.json]
[daquyphongthuylnj.com/wp-json/oembed/1.0/embed2acd]
[daquyphongthuylnj.com/wp-json/oembed/1.0/embed8202]
[daquyphongthuylnj.com/wp-content/uploads/2021/12/nhan-vang-14k-da-peridot-2-300x300.jpg]
[daquyphongthuylnj.com/nhan-nu-vang-14k-da-peridot-nb00091/index.html]
[daquyphongthuylnj.com/wp-json/wp/v2/product/3146.json]
[daquyphongthuylnj.com/wp-json/oembed/1.0/embed1119]
[daquyphongthuylnj.com/wp-json/oembed/1.0/embedc449]
[daquyphongthuylnj.com/nhan-nu-vang-14k-da-zircon-cam-dao-nb00090/index.html]
[daquyphongthuylnj.com/indexbba5.html]
[daquyphongthuylnj.com/wp-content/uploads/2021/12/nhan-nu-zircon-0092-1-300x300.jpg]
[daquyphongthuylnj.com/wp-json/wp/v2/product/2292.json]
[daquyphongthuylnj.com/wp-json/oembed/1.0/embed.13e5714.delayed]
[daquyphongthuylnj.com/wp-json/oembed/1.0/embedab7e]
[daquyphongthuylnj.com/nhan-nu-dinh-da-quy-nn024/index.html]
[daquyphongthuylnj.com/wp-content/uploads/2021/11/Nhan-nu-17-300x300.jpg]
[daquyphongthuylnj.com/index8b2d.html]
[daquyphongthuylnj.com/wp-json/wp/v2/product/2290.json]
[daquyphongthuylnj.com/wp-json/oembed/1.0/embedd4bc]
[daquyphongthuylnj.com/wp-json/oembed/1.0/embedc2db]
[daquyphongthuylnj.com/wp-content/uploads/2021/11/Nhan-nu-20-300x300.jpg]
[daquyphongthuylnj.com/nhan-nu-dinh-da-garnet-nn022/index.html]
[daquyphongthuylnj.com/indexf363.html]
[daquyphongthuylnj.com/wp-json/wp/v2/product/2291.json]
[daquyphongthuylnj.com/wp-json/oembed/1.0/embed7706]
[daquyphongthuylnj.com/wp-json/oembed/1.0/embed629e]
[daquyphongthuylnj.com/wp-content/uploads/2021/11/Nhan-nu-22-1-300x300.jpg]
[daquyphongthuylnj.com/nhan-nu-dinh-da-quy-nn023/index.html]
[daquyphongthuylnj.com/indexbc8c.html]
[daquyphongthuylnj.com/wp-json/wp/v2/product/2287.json]
[daquyphongthuylnj.com/wp-json/oembed/1.0/embed1f40]
[daquyphongthuylnj.com/wp-json/oembed/1.0/embed13e5]
[daquyphongthuylnj.com/wp-content/uploads/2021/11/Nhan-nu-5-3-300x300.jpg]
[daquyphongthuylnj.com/nhan-nu-vang-18k-dinh-da-garnet-nn019/index.html]
[daquyphongthuylnj.com/index9cd5.html]
[daquyphongthuylnj.com/wp-json/wp/v2/product/2288.json]
[daquyphongthuylnj.com/wp-json/oembed/1.0/embed8bf7]
[daquyphongthuylnj.com/wp-json/oembed/1.0/embed.14f0e01.delayed]
[daquyphongthuylnj.com/nhan-nu-dinh-da-garnet-nn020/index.html]
[daquyphongthuylnj.com/wp-content/uploads/2021/11/Nhan-nu-6-3-300x300.jpg]
[daquyphongthuylnj.com/index9d73.html]
[daquyphongthuylnj.com/wp-json/wp/v2/product/2289.json]
[daquyphongthuylnj.com/wp-json/oembed/1.0/embedd4bb]
[daquyphongthuylnj.com/wp-json/oembed/1.0/embed747a]
[daquyphongthuylnj.com/wp-content/uploads/2021/11/Nhan-nu-11-3-300x300.jpg]
[daquyphongthuylnj.com/nhan-nu-dinh-da-garnet-nn021/index.html]
[daquyphongthuylnj.com/indexc5bd.html]
[daquyphongthuylnj.com/wp-json/wp/v2/product/3167.json]
[daquyphongthuylnj.com/wp-json/oembed/1.0/embed8a46]
[daquyphongthuylnj.com/wp-json/oembed/1.0/embed.1570b1d.delayed]
[daquyphongthuylnj.com/wp-content/uploads/2021/12/mat-day-chuyen-dinh-da-Garnet-1-300x300.jpg]
[daquyphongthuylnj.com/mat-day-chuyen-vang-hong-14k-da-garnet-lnj0037/index.html]
[daquyphongthuylnj.com/indexbd97.html]
[daquyphongthuylnj.com/wp-json/wp/v2/product/3163.json]
[daquyphongthuylnj.com/wp-json/oembed/1.0/embedeac1]
[daquyphongthuylnj.com/wp-json/oembed/1.0/embedd56e]
[daquyphongthuylnj.com/wp-content/uploads/2021/12/Mat-day-chuyen-bong-tuyet-thach-anh-tim-1-300x300.jpg]
[daquyphongthuylnj.com/mat-day-chuyen-vang-trang-14k-da-thach-anh-tim-bong-tuyet-lnj0036/index.html]
[daquyphongthuylnj.com/indexb38b.html]
[daquyphongthuylnj.com/wp-json/wp/v2/product/3159.json]
[daquyphongthuylnj.com/wp-json/oembed/1.0/embede9b5]
[daquyphongthuylnj.com/wp-json/oembed/1.0/embed.15f00f2.delayed]
[daquyphongthuylnj.com/mat-day-chuyen-vang-trang-14k-da-garnet-bong-tuyet-lnj0035/index.html]
[daquyphongthuylnj.com/wp-content/uploads/2021/12/mat-day-chuyen-Garnet-mai-bong-tuyet-1-300x300.jpg]
[daquyphongthuylnj.com/indexf3d7.html]
[daquyphongthuylnj.com/wp-json/wp/v2/product/3154.json]
[daquyphongthuylnj.com/wp-json/oembed/1.0/embedf260]
[daquyphongthuylnj.com/wp-json/oembed/1.0/embed7e05]
[daquyphongthuylnj.com/wp-content/uploads/2021/12/mat-day-chuyen-vang-14k-da-peridot-1-300x300.jpg]
[daquyphongthuylnj.com/mat-day-chuyen-vang-14k-da-peridot-bong-tuyet-lnj0034/index.html]
[daquyphongthuylnj.com/index98bf.html]
[daquyphongthuylnj.com/wp-json/wp/v2/product/2668.json]
[daquyphongthuylnj.com/wp-json/oembed/1.0/embed0d27]
[daquyphongthuylnj.com/wp-json/oembed/1.0/embed125e]
[daquyphongthuylnj.com/mat-day-chuyen-vang-14k-da-thien-nhien-lnj0032/index.html]
[daquyphongthuylnj.com/wp-content/uploads/2021/11/Mat-Day-Chuyen-LNJ0032-300x300.jpg]
[daquyphongthuylnj.com/indexbf31.html]
[daquyphongthuylnj.com/wp-json/wp/v2/product/2393.json]
[daquyphongthuylnj.com/wp-json/oembed/1.0/embed0a55]
[daquyphongthuylnj.com/wp-json/oembed/1.0/embeddb2e]
[daquyphongthuylnj.com/wp-content/uploads/2021/11/Mat-day-chuyen-14-300x300.jpg]
[daquyphongthuylnj.com/mat-day-chuyen-bac-da-aquamarine-mcd0022/index.html]
[daquyphongthuylnj.com/index0d8e.html]
[daquyphongthuylnj.com/wp-json/wp/v2/product/2372.json]
[daquyphongthuylnj.com/wp-json/oembed/1.0/embedb685]
[daquyphongthuylnj.com/wp-json/oembed/1.0/embed.16f1cbb.delayed]
[daquyphongthuylnj.com/wp-content/uploads/2021/11/Mat-day-chuyen-13-300x300.jpg]
[daquyphongthuylnj.com/mat-day-chuyen-bac-da-tourmaline-mcd0021/index.html]
[daquyphongthuylnj.com/index33a1.html]
[daquyphongthuylnj.com/wp-json/wp/v2/product/2370.json]
[daquyphongthuylnj.com/wp-json/oembed/1.0/embed3b81]
[daquyphongthuylnj.com/wp-json/oembed/1.0/embed4341]
[daquyphongthuylnj.com/wp-content/uploads/2021/11/Mat-Day-chuyen-7-1-300x300.jpg]
[daquyphongthuylnj.com/mat-day-chuyen-da-quy-mcd0019/index.html]
[daquyphongthuylnj.com/index2f57.html]
[daquyphongthuylnj.com/wp-json/wp/v2/product/3371.json]
[daquyphongthuylnj.com/wp-json/oembed/1.0/embed5e34]
[daquyphongthuylnj.com/wp-json/oembed/1.0/embed1acd]
[daquyphongthuylnj.com/wp-content/uploads/2021/12/bong-tai-vang-18k-da-topaz-1-300x300.jpg]
[daquyphongthuylnj.com/bong-tai-topaz-vang-trang-18k/index.html]
[daquyphongthuylnj.com/index49d1.html]
[daquyphongthuylnj.com/wp-json/wp/v2/product/2107.json]
[daquyphongthuylnj.com/wp-json/oembed/1.0/embed57de]
[daquyphongthuylnj.com/wp-json/oembed/1.0/embed07af]
[daquyphongthuylnj.com/bong-tai-dinh-da-bt029/index.html]
[daquyphongthuylnj.com/wp-content/uploads/2021/11/Bong-Tai-8-min-300x300.jpg]
[daquyphongthuylnj.com/index13e5.html]
[daquyphongthuylnj.com/wp-json/wp/v2/product/2108.json]
[daquyphongthuylnj.com/wp-json/oembed/1.0/embed84f9]
[daquyphongthuylnj.com/wp-json/oembed/1.0/embedf731]
[daquyphongthuylnj.com/wp-content/uploads/2021/11/Bong-Tai-15-min-1-300x300.jpg]
[daquyphongthuylnj.com/bong-tai-dinh-da-bt030/index.html]
[daquyphongthuylnj.com/index3f86.html]
[daquyphongthuylnj.com/wp-json/wp/v2/product/2068.json]
[daquyphongthuylnj.com/wp-json/oembed/1.0/embedbfe8]
[daquyphongthuylnj.com/wp-json/oembed/1.0/embed5fed]
[daquyphongthuylnj.com/wp-content/uploads/2021/11/Bong-Tai-18-2-300x300.jpg]
[daquyphongthuylnj.com/bong-tai-dinh-da-bt025/index.html]
[daquyphongthuylnj.com/index5414.html]
[daquyphongthuylnj.com/wp-json/wp/v2/product/2069.json]
[daquyphongthuylnj.com/wp-json/oembed/1.0/embedecc0]
[daquyphongthuylnj.com/wp-json/oembed/1.0/embed4edd]
[daquyphongthuylnj.com/wp-content/uploads/2021/11/Bong-Tai-21-1-300x300.jpg]
[daquyphongthuylnj.com/bong-tai-dinh-da-bt026/index.html]
[daquyphongthuylnj.com/index9307.html]
[daquyphongthuylnj.com/wp-json/wp/v2/product/2070.json]
[daquyphongthuylnj.com/wp-json/oembed/1.0/embede705]
[daquyphongthuylnj.com/wp-json/oembed/1.0/embed.18b79e7.delayed]
[daquyphongthuylnj.com/wp-content/uploads/2021/11/Bong-Tai-27-1-300x300.jpg]
[daquyphongthuylnj.com/bong-tai-dinh-da-bt027/index.html]
[daquyphongthuylnj.com/index2adf.html]
[daquyphongthuylnj.com/wp-json/wp/v2/product/2071.json]
[daquyphongthuylnj.com/wp-json/oembed/1.0/embed604a]
[daquyphongthuylnj.com/wp-json/oembed/1.0/embedde2e]
[daquyphongthuylnj.com/wp-content/uploads/2021/11/Bong-Tai-6-min-300x300.jpg]
[daquyphongthuylnj.com/bong-tai-dinh-da-bt028/index.html]
[daquyphongthuylnj.com/index2a51.html]
[daquyphongthuylnj.com/wp-json/wp/v2/product/2041.json]
[daquyphongthuylnj.com/wp-json/oembed/1.0/embed9399]
[daquyphongthuylnj.com/wp-json/oembed/1.0/embed.1932f31.delayed]
[daquyphongthuylnj.com/wp-content/uploads/2021/11/Bong-Tai-6-1-300x300.jpg]
[daquyphongthuylnj.com/bong-tai-dinh-da-bt024/index.html]
[daquyphongthuylnj.com/index89a7.html]
[daquyphongthuylnj.com/wp-json/wp/v2/product/4259.json]
[daquyphongthuylnj.com/wp-json/oembed/1.0/embed66a0]
[daquyphongthuylnj.com/wp-json/oembed/1.0/embed396f]
[daquyphongthuylnj.com/peridot-gia-lai-mai-giac-p004/index.html]
[daquyphongthuylnj.com/wp-content/uploads/2022/07/peridot-thiên-nhiên-p004-15ct-300x300.jpg]
[daquyphongthuylnj.com/index05ab.html]
[daquyphongthuylnj.com/wp-json/wp/v2/product/3448.json]
[daquyphongthuylnj.com/wp-json/oembed/1.0/embed63bc]
[daquyphongthuylnj.com/wp-json/oembed/1.0/embedceb4]
[daquyphongthuylnj.com/natural-zircon-zircon-trang-thien-nhien-facet-0015/index.html]
[daquyphongthuylnj.com/wp-content/uploads/2021/12/zircon-thien-nhien-0015-300x300.jpg]
[daquyphongthuylnj.com/index654c.html]
[daquyphongthuylnj.com/wp-json/wp/v2/product/3439.json]
[daquyphongthuylnj.com/wp-json/oembed/1.0/embedcb0e]
[daquyphongthuylnj.com/wp-json/oembed/1.0/embed4de5]
[daquyphongthuylnj.com/wp-content/uploads/2021/12/zircon-thien-nhien-0014-300x300.jpg]
[daquyphongthuylnj.com/natural-blue-zircon-zircon-xanh-lam-thien-nhien-facet-0014/index.html]
[daquyphongthuylnj.com/index27f5.html]
[daquyphongthuylnj.com/wp-json/wp/v2/posts/2946.json]
[daquyphongthuylnj.com/wp-json/oembed/1.0/embed01ec.json]
[daquyphongthuylnj.com/wp-json/oembed/1.0/embedf917]
[daquyphongthuylnj.com/nen-deo-nhan-vao-ngon-nao/index.html]
[daquyphongthuylnj.com/wp-json/wp/v2/posts/3557.json]
[daquyphongthuylnj.com/wp-json/oembed/1.0/embedd026.json]
[daquyphongthuylnj.com/wp-json/oembed/1.0/embedf45b]
[daquyphongthuylnj.com/25-dieu-ban-chua-biet-ve-ngoc-de-quang-chrysoprase/index.html]
[daquyphongthuylnj.com/wp-json/wp/v2/posts/3296.json]
[daquyphongthuylnj.com/wp-json/oembed/1.0/embedcbef.json]
[daquyphongthuylnj.com/da-emerald-thien-nhien-la-gi-nhung-dieu-ban-chua-biet-ve-ngoc-luc-bao/index.html]
[daquyphongthuylnj.com/wp-json/oembed/1.0/embedf50d]
[daquyphongthuylnj.com/wp-json/wp/v2/pages/3484.json]
[daquyphongthuylnj.com/wp-json/oembed/1.0/embed36a4.json]
[daquyphongthuylnj.com/wp-json/oembed/1.0/embedf7b6]
[daquyphongthuylnj.com/chinh-sach-bao-hanh/index.html]
[daquyphongthuylnj.com/wp-json/wp/v2/pages/3.json]
[daquyphongthuylnj.com/wp-json/oembed/1.0/embed14bb.json]
[daquyphongthuylnj.com/chinh-sach-bao-mat/index.html]
[daquyphongthuylnj.com/wp-json/oembed/1.0/embedb31f]
[www.google.com/images/branding/product/ico/maps15_bnuw3a_32dp.ico]
[www.google.com/maps/preview/opensearchfef7.xml]
[www.google.com/maps/preview/pwa/manifest83d3]
[www.google.com/maps/dir/LNJ+Trang+Sức+Đá+Quý+Phong+Thủy+-+Natural+gemst/31+Phan+Sào+Nam,+Phường+11,+Tân+Bình,+Thành+phố/@10.7880653,106.6443013,15z/data=!4m8!4m7!1m0!1m5!1m1!1s0x31752fbcf52859ed_0x16]
[stc-zaloprofile.zdn.vn/favicon.ico]
[stc-zaloprofile.zdn.vn/profile/static/css/main.1.0.0.css]
[zalo.me/0903177371.html]
[www.messenger.com/t/108306543862884/index.html]
[daquyphongthuylnj.com/tai-khoan/lost-password/index.html]
[gmpg.org/xfn/.html]
[gmpg.org/xfn/intro.html]
[gmpg.org/xfn/faq.html]
[daquyphongthuylnj.com/cua-hang/page/2/index.html]
[daquyphongthuylnj.com/indexb5fb.html]
[daquyphongthuylnj.com/indexc4f7.html]
[daquyphongthuylnj.com/mai-giac-facet/page/2/index.html]
[daquyphongthuylnj.com/nhan/page/2/index.html]
[daquyphongthuylnj.com/nhan-nu/page/2/index.html]
[daquyphongthuylnj.com/nhan-nam/page/2/index.html]
[daquyphongthuylnj.com/blog/page/2/index.html]
[daquyphongthuylnj.com/chuyen-muc-da-quy/page/2/index.html]
[daquyphongthuylnj.com/index6f72.html]
[daquyphongthuylnj.com/index8e15.html]
[daquyphongthuylnj.com/index9c77.html]
[i.ytimg.com/generate_204.html]
[fonts.googleapis.com/css2aa78.css]
[daquyphongthuylnj.com/index9276.html]
[daquyphongthuylnj.com/wp-json/oembed/1.0/embed9099.json]
[daquyphongthuylnj.com/wp-json/oembed/1.0/embed8c9e]
[daquyphongthuylnj.com/index6d80.html]
[daquyphongthuylnj.com/wp-json/oembed/1.0/embed5710.json]
[daquyphongthuylnj.com/wp-json/oembed/1.0/embed0414]
[daquyphongthuylnj.com/index2b32.html]
[daquyphongthuylnj.com/wp-json/oembed/1.0/embed9e34.json]
[daquyphongthuylnj.com/wp-json/oembed/1.0/embed6764]
[daquyphongthuylnj.com/indexa60b.html]
[daquyphongthuylnj.com/wp-json/oembed/1.0/embed5c82.json]
[daquyphongthuylnj.com/wp-json/oembed/1.0/embed79e1]
[daquyphongthuylnj.com/index9d31.html]
[daquyphongthuylnj.com/wp-json/oembed/1.0/embed0903.json]
[daquyphongthuylnj.com/wp-json/oembed/1.0/embed4363]
[daquyphongthuylnj.com/index4832.html]
[daquyphongthuylnj.com/wp-json/oembed/1.0/embed91e8.json]
[daquyphongthuylnj.com/wp-json/oembed/1.0/embed5e20]
[daquyphongthuylnj.com/indexd3cd.html]
[daquyphongthuylnj.com/wp-json/oembed/1.0/embed27eb.json]
[daquyphongthuylnj.com/wp-json/oembed/1.0/embedee21]
[daquyphongthuylnj.com/indexd85d.html]
[daquyphongthuylnj.com/wp-json/oembed/1.0/embedec83.json]
[daquyphongthuylnj.com/wp-json/oembed/1.0/embedfffa]
[daquyphongthuylnj.com/index692b.html]
[daquyphongthuylnj.com/wp-json/oembed/1.0/embed30fe.json]
[daquyphongthuylnj.com/wp-json/oembed/1.0/embed4b46]
[daquyphongthuylnj.com/index3c05.html]
[daquyphongthuylnj.com/wp-json/oembed/1.0/embed805e.json]
[daquyphongthuylnj.com/wp-json/oembed/1.0/embed70a0]
[daquyphongthuylnj.com/index2973.html]
[daquyphongthuylnj.com/wp-json/oembed/1.0/embed1e2f.json]
[daquyphongthuylnj.com/wp-json/oembed/1.0/embed88fb]
[daquyphongthuylnj.com/index4592.html]
[daquyphongthuylnj.com/wp-json/oembed/1.0/embed8ced.json]
[daquyphongthuylnj.com/wp-json/oembed/1.0/embed1bb7]
[daquyphongthuylnj.com/indexb52c.html]
[daquyphongthuylnj.com/wp-json/oembed/1.0/embeddf6d.json]
[daquyphongthuylnj.com/wp-json/oembed/1.0/embed8d7b]
[daquyphongthuylnj.com/index22fd.html]
[daquyphongthuylnj.com/wp-json/oembed/1.0/embed8fc7.json]
[daquyphongthuylnj.com/wp-json/oembed/1.0/embed8c9d]
[daquyphongthuylnj.com/index9309.html]
[daquyphongthuylnj.com/wp-json/oembed/1.0/embed4718.json]
[daquyphongthuylnj.com/wp-json/oembed/1.0/embeda135]
[daquyphongthuylnj.com/index2024.html]
[daquyphongthuylnj.com/wp-json/oembed/1.0/embed6c16.json]
[daquyphongthuylnj.com/wp-json/oembed/1.0/embed651f]
[daquyphongthuylnj.com/indexb1b4.html]
[daquyphongthuylnj.com/wp-json/oembed/1.0/embed2ecb.json]
[daquyphongthuylnj.com/wp-json/oembed/1.0/embed6990]
[daquyphongthuylnj.com/index2005.html]
[daquyphongthuylnj.com/wp-json/oembed/1.0/embed6a8a.json]
[daquyphongthuylnj.com/wp-json/oembed/1.0/embedfed9]
[daquyphongthuylnj.com/indexd4fd.html]
[daquyphongthuylnj.com/wp-json/oembed/1.0/embed4868.json]
[daquyphongthuylnj.com/wp-json/oembed/1.0/embeda278]
[daquyphongthuylnj.com/index1366.html]
[daquyphongthuylnj.com/wp-json/oembed/1.0/embedb304.json]
[daquyphongthuylnj.com/wp-json/oembed/1.0/embed7b4c]
[daquyphongthuylnj.com/indexa732.html]
[daquyphongthuylnj.com/wp-json/oembed/1.0/embed31f2.json]
[daquyphongthuylnj.com/wp-json/oembed/1.0/embed78c0]
[daquyphongthuylnj.com/indexc067.html]
[daquyphongthuylnj.com/wp-json/oembed/1.0/embedee1c.json]
[daquyphongthuylnj.com/wp-json/oembed/1.0/embed5fcb]
[daquyphongthuylnj.com/indexef2f.html]
[daquyphongthuylnj.com/wp-json/oembed/1.0/embeda846.json]
[daquyphongthuylnj.com/wp-json/oembed/1.0/embeda9ba]
[daquyphongthuylnj.com/indexbfc0.html]
[daquyphongthuylnj.com/wp-json/oembed/1.0/embed665d.json]
[daquyphongthuylnj.com/wp-json/oembed/1.0/embedca3a]
[daquyphongthuylnj.com/index938b.html]
[daquyphongthuylnj.com/wp-json/oembed/1.0/embed2a5d.json]
[daquyphongthuylnj.com/wp-json/oembed/1.0/embed9a8f]
[daquyphongthuylnj.com/index0cf1.html]
[daquyphongthuylnj.com/wp-json/oembed/1.0/embedf7ac.json]
[daquyphongthuylnj.com/wp-json/oembed/1.0/embedeb39]
[daquyphongthuylnj.com/indexaf4f.html]
[daquyphongthuylnj.com/wp-json/oembed/1.0/embedbe8a.json]
[daquyphongthuylnj.com/wp-json/oembed/1.0/embed9978]
[daquyphongthuylnj.com/index8afa.html]
[daquyphongthuylnj.com/wp-json/oembed/1.0/embedc092.json]
[daquyphongthuylnj.com/wp-json/oembed/1.0/embeded22]
[daquyphongthuylnj.com/index477d.html]
[daquyphongthuylnj.com/wp-json/oembed/1.0/embed49a1.json]
[daquyphongthuylnj.com/wp-json/oembed/1.0/embed2184]
[daquyphongthuylnj.com/index53f0.html]
[daquyphongthuylnj.com/wp-json/oembed/1.0/embed2821.json]
[daquyphongthuylnj.com/wp-json/oembed/1.0/embedff4b]
[daquyphongthuylnj.com/index551c.html]
[daquyphongthuylnj.com/wp-json/oembed/1.0/embed430c.json]
[daquyphongthuylnj.com/wp-json/oembed/1.0/embed8cb4]
[daquyphongthuylnj.com/index8496.html]
[daquyphongthuylnj.com/wp-json/oembed/1.0/embed8532.json]
[daquyphongthuylnj.com/wp-json/oembed/1.0/embed59e5]
[daquyphongthuylnj.com/indexb127.html]
[daquyphongthuylnj.com/wp-json/oembed/1.0/embed0762.json]
[daquyphongthuylnj.com/wp-json/oembed/1.0/embed7e3c]
[daquyphongthuylnj.com/indexe05a.html]
[daquyphongthuylnj.com/wp-json/oembed/1.0/embed81af.json]
[daquyphongthuylnj.com/wp-json/oembed/1.0/embed05cd]
[daquyphongthuylnj.com/indexdd5c.html]
[daquyphongthuylnj.com/wp-json/oembed/1.0/embed77aa.json]
[daquyphongthuylnj.com/wp-json/oembed/1.0/embedf964]
[daquyphongthuylnj.com/index96ec.html]
[daquyphongthuylnj.com/wp-json/oembed/1.0/embed312d.json]
[daquyphongthuylnj.com/wp-json/oembed/1.0/embed8ff1]
[daquyphongthuylnj.com/indexed5e.html]
[daquyphongthuylnj.com/wp-json/oembed/1.0/embedf02b.json]
[daquyphongthuylnj.com/wp-json/oembed/1.0/embedd5de]
[daquyphongthuylnj.com/indexd21b.html]
[daquyphongthuylnj.com/wp-json/oembed/1.0/embed4d7f.json]
[daquyphongthuylnj.com/wp-json/oembed/1.0/embed5e2a]
[daquyphongthuylnj.com/index536d.html]
[daquyphongthuylnj.com/wp-json/oembed/1.0/embed2acd.json]
[daquyphongthuylnj.com/wp-json/oembed/1.0/embed8202]
[daquyphongthuylnj.com/index7864.html]
[daquyphongthuylnj.com/wp-json/oembed/1.0/embed1119.json]
[daquyphongthuylnj.com/wp-json/oembed/1.0/embedc449]
[daquyphongthuylnj.com/indexe15a.html]
[daquyphongthuylnj.com/wp-json/oembed/1.0/embed5714.json]
[daquyphongthuylnj.com/wp-json/oembed/1.0/embedab7e]
[daquyphongthuylnj.com/index032e.html]
[daquyphongthuylnj.com/wp-json/oembed/1.0/embedd4bc.json]
[daquyphongthuylnj.com/wp-json/oembed/1.0/embedc2db]
[daquyphongthuylnj.com/index3dfd.html]
[daquyphongthuylnj.com/wp-json/oembed/1.0/embed7706.json]
[daquyphongthuylnj.com/wp-json/oembed/1.0/embed629e]
[daquyphongthuylnj.com/indexb073.html]
[daquyphongthuylnj.com/wp-json/oembed/1.0/embed1f40.json]
[daquyphongthuylnj.com/wp-json/oembed/1.0/embed13e5]
[daquyphongthuylnj.com/index76e4.html]
[daquyphongthuylnj.com/wp-json/oembed/1.0/embed8bf7.json]
[daquyphongthuylnj.com/wp-json/oembed/1.0/embed0e01]
[daquyphongthuylnj.com/index7969.html]
[daquyphongthuylnj.com/wp-json/oembed/1.0/embedd4bb.json]
[daquyphongthuylnj.com/wp-json/oembed/1.0/embed747a]
[daquyphongthuylnj.com/index9edc.html]
[daquyphongthuylnj.com/wp-json/oembed/1.0/embed8a46.json]
[daquyphongthuylnj.com/wp-json/oembed/1.0/embed0b1d]
[daquyphongthuylnj.com/index2bd8.html]
[daquyphongthuylnj.com/wp-json/oembed/1.0/embedeac1.json]
[daquyphongthuylnj.com/wp-json/oembed/1.0/embedd56e]
[daquyphongthuylnj.com/index5438.html]
[daquyphongthuylnj.com/wp-json/oembed/1.0/embede9b5.json]
[daquyphongthuylnj.com/wp-json/oembed/1.0/embed00f2]
[daquyphongthuylnj.com/indexdf72.html]
[daquyphongthuylnj.com/wp-json/oembed/1.0/embedf260.json]
[daquyphongthuylnj.com/wp-json/oembed/1.0/embed7e05]
[daquyphongthuylnj.com/indexda3d.html]
[daquyphongthuylnj.com/wp-json/oembed/1.0/embed0d27.json]
[daquyphongthuylnj.com/wp-json/oembed/1.0/embed125e]
[daquyphongthuylnj.com/index5b45.html]
[daquyphongthuylnj.com/wp-json/oembed/1.0/embed0a55.json]
[daquyphongthuylnj.com/wp-json/oembed/1.0/embeddb2e]
[daquyphongthuylnj.com/indexaa19.html]
[daquyphongthuylnj.com/wp-json/oembed/1.0/embedb685.json]
[daquyphongthuylnj.com/wp-json/oembed/1.0/embed1cbb]
[daquyphongthuylnj.com/indexa9bf.html]
[daquyphongthuylnj.com/wp-json/oembed/1.0/embed3b81.json]
[daquyphongthuylnj.com/wp-json/oembed/1.0/embed4341]
[daquyphongthuylnj.com/indexff0a.html]
[daquyphongthuylnj.com/wp-json/oembed/1.0/embed5e34.json]
[daquyphongthuylnj.com/wp-json/oembed/1.0/embed1acd]
[daquyphongthuylnj.com/index18bf.html]
[daquyphongthuylnj.com/wp-json/oembed/1.0/embed57de.json]
[daquyphongthuylnj.com/wp-json/oembed/1.0/embed07af]
[daquyphongthuylnj.com/index8f7c.html]
[daquyphongthuylnj.com/wp-json/oembed/1.0/embed84f9.json]
[daquyphongthuylnj.com/wp-json/oembed/1.0/embedf731]
[daquyphongthuylnj.com/indexcdeb.html]
[daquyphongthuylnj.com/wp-json/oembed/1.0/embedbfe8.json]
[daquyphongthuylnj.com/wp-json/oembed/1.0/embed5fed]
[daquyphongthuylnj.com/index9a52.html]
[daquyphongthuylnj.com/wp-json/oembed/1.0/embedecc0.json]
[daquyphongthuylnj.com/wp-json/oembed/1.0/embed4edd]
[daquyphongthuylnj.com/index4bb6.html]
[daquyphongthuylnj.com/wp-json/oembed/1.0/embede705.json]
[daquyphongthuylnj.com/wp-json/oembed/1.0/embed79e7]
[daquyphongthuylnj.com/index28f2.html]
[daquyphongthuylnj.com/wp-json/oembed/1.0/embed604a.json]
[daquyphongthuylnj.com/wp-json/oembed/1.0/embedde2e]
[daquyphongthuylnj.com/index30f0.html]
[daquyphongthuylnj.com/wp-json/oembed/1.0/embed9399.json]
[daquyphongthuylnj.com/wp-json/oembed/1.0/embed2f31]
[daquyphongthuylnj.com/index3dfe.html]
[daquyphongthuylnj.com/wp-json/oembed/1.0/embed66a0.json]
[daquyphongthuylnj.com/wp-json/oembed/1.0/embed396f]
[daquyphongthuylnj.com/index7860.html]
[daquyphongthuylnj.com/wp-json/oembed/1.0/embed63bc.json]
[daquyphongthuylnj.com/wp-json/oembed/1.0/embedceb4]
[daquyphongthuylnj.com/index6476.html]
[daquyphongthuylnj.com/wp-json/oembed/1.0/embedcb0e.json]
[daquyphongthuylnj.com/wp-json/oembed/1.0/embed4de5]
[daquyphongthuylnj.com/index0b2b.html]
[daquyphongthuylnj.com/index4521.html]
[daquyphongthuylnj.com/index7850.html]
[daquyphongthuylnj.com/index5842.html]
[daquyphongthuylnj.com/index2207.html]
[www.google.com/maps/_/ss/k=maps.m.tvCnIjesqmU.L.X.O/m=sc2,per,mo,lp,ep,ti,ds,stx,pwd,dw,pdm,log,std,b/am=2AEApAAAAAAC/d=1/rs=ACT90oHUAy3ZthBKQHHAHAnyI6KNQrRJfw.css]
[fonts.gstatic.com/index.html]
[fonts.googleapis.com/css276c7.css]
[vong-tay/index.html]
[daquyphongthuylnj.com/wp-json/index.html]
[daquyphongthuylnj.com/wp-json/wp/v2/pages/2.json]
[daquyphongthuylnj.com/wp-content/plugins/ot-flatsome-vertical-menu/libs/menu-icons/vendor/codeinwp/icon-picker/css/types/font-awesome.min.css]
[daquyphongthuylnj.com/wp-content/plugins/ot-flatsome-vertical-menu/libs/menu-icons/css/extra.min.css]
[www.googletagmanager.com/gtag/js835c]
[daquyphongthuylnj.com/wp-content/plugins/contact-form-7/includes/css/styles.css]
[daquyphongthuylnj.com/wp-content/plugins/font-awesome-4-menus/css/font-awesome.min.css]
[daquyphongthuylnj.com/wp-content/plugins/ot-flatsome-vertical-menu/assets/css/style.css]
[daquyphongthuylnj.com/wp-json/oembed/1.0/embed589f]
[daquyphongthuylnj.com/wp-content/plugins/woocommerce-products-filter/css/front.css]
[daquyphongthuylnj.com/wp-json/oembed/1.0/embed36ce.json]
[daquyphongthuylnj.com/wp-content/plugins/woocommerce-products-filter/js/chosen/chosen.min.css]
[daquyphongthuylnj.com/wp-content/plugins/woocommerce-products-filter/js/malihu-custom-scrollbar/jquery.mCustomScrollbar.css]
[apis.google.com/js/platform.js]
[daquyphongthuylnj.com/wp-content/plugins/woocommerce-products-filter/js/icheck/skins/square/aero.css]
[daquyphongthuylnj.com/wp-json/wp/v2/product_cat/167.json]
[daquyphongthuylnj.com/wp-content/plugins/woocommerce-products-filter/ext/color/css/html_types/color.css]
[daquyphongthuylnj.com/wp-json/wp/v2/product_cat/171.json]
[daquyphongthuylnj.com/wp-content/plugins/yith-woocommerce-color-label-variations-premium/assets/css/yith-wccl.css]
[daquyphongthuylnj.com/wp-json/wp/v2/product_cat/159.json]
[daquyphongthuylnj.com/wp-content/themes/flatsome/assets/css/flatsome.css]
[daquyphongthuylnj.com/wp-json/wp/v2/product_cat/154.json]
[daquyphongthuylnj.com/wp-json/wp/v2/product_cat/108.json]
[daquyphongthuylnj.com/wp-json/wp/v2/product_cat/99.json]
[daquyphongthuylnj.com/wp-json/wp/v2/product_cat/111.json]
[daquyphongthuylnj.com/wp-content/themes/flatsome/assets/css/icons/fl-iconsae55.svg]
[daquyphongthuylnj.com/wp-json/oembed/1.0/embed7beb]
[daquyphongthuylnj.com/wp-content/themes/flatsome/assets/css/flatsome-shop.css]
[daquyphongthuylnj.com/wp-json/wp/v2/pages/92.json]
[daquyphongthuylnj.com/wp-content/themes/shop2/style.css]
[daquyphongthuylnj.com/wp-json/wp/v2/product_cat/124.json]
[daquyphongthuylnj.com/wp-json/oembed/1.0/embedffaf]
[daquyphongthuylnj.com/wp-json/wp/v2/product_cat/185.json]
[daquyphongthuylnj.com/wp-json/oembed/1.0/embed16fe]
[daquyphongthuylnj.com/xmlrpc0db0.html]
[daquyphongthuylnj.com/wp-json/wp/v2/product_cat/157.json]
[daquyphongthuylnj.com/wp-json/wp/v2/posts/3578.json]
[www.youtube.com/opensearch97fa]
[www.youtube.com/manifest.webmanifest]
[www.youtube.com/feeds/videosd78b.xml]
[daquyphongthuylnj.com/wp-json/wp/v2/product/1200.json]
[daquyphongthuylnj.com/wp-json/wp/v2/product/2515.json]
[daquyphongthuylnj.com/wp-json/wp/v2/product/1207.json]
[daquyphongthuylnj.com/wp-content/uploads/2021/11/logo-lnj-trang-2.svg]
[daquyphongthuylnj.com/wp-json/wp/v2/product/1204.json]
[daquyphongthuylnj.com/gio-hang/index.html]
[daquyphongthuylnj.com/wp-json/wp/v2/product/1809.json]
[daquyphongthuylnj.com/wp-json/wp/v2/product/2632.json]
[daquyphongthuylnj.com/wp-json/wp/v2/product/2630.json]
[yt3.ggpht.com/ytc/unnamed.jpg]
[daquyphongthuylnj.com/wp-json/wp/v2/product/3500.json]
[www.youtube.com/s/desktop/ad3ffe7b/img/favicon_96x96.png]
[daquyphongthuylnj.com/wp-json/wp/v2/product/3412.json]
[daquyphongthuylnj.com/wp-json/wp/v2/product/3521.json]
[daquyphongthuylnj.com/wp-content/plugins/woocommerce-products-filter/js/tooltip/css/tooltipster.bundle.min.css]
[daquyphongthuylnj.com/wp-content/plugins/woocommerce-products-filter/js/tooltip/css/plugins/tooltipster/sideTip/themes/tooltipster-sideTip-noir.min.css]
[daquyphongthuylnj.com/wp-json/wp/v2/product/1805.json]
[daquyphongthuylnj.com/wp-json/wp/v2/product/1803.json]
[daquyphongthuylnj.com/wp-json/wp/v2/product/3531.json]
[daquyphongthuylnj.com/wp-json/wp/v2/product/3526.json]
[daquyphongthuylnj.com/wp-json/wp/v2/product/3459.json]
[daquyphongthuylnj.com/wp-json/wp/v2/product/3176.json]
[daquyphongthuylnj.com/wp-json/wp/v2/product/3146.json]
[daquyphongthuylnj.com/wp-json/wp/v2/product/2292.json]
[daquyphongthuylnj.com/wp-json/wp/v2/product/2287.json]
[daquyphongthuylnj.com/wp-json/wp/v2/product/2289.json]
[daquyphongthuylnj.com/wp-json/wp/v2/product/3167.json]
[daquyphongthuylnj.com/wp-json/wp/v2/product/3163.json]
[daquyphongthuylnj.com/wp-json/wp/v2/product/2393.json]
[daquyphongthuylnj.com/wp-json/wp/v2/product/3371.json]
[daquyphongthuylnj.com/wp-json/wp/v2/product/2108.json]
[daquyphongthuylnj.com/wp-json/wp/v2/product/2069.json]
[daquyphongthuylnj.com/wp-json/wp/v2/product/2071.json]
[daquyphongthuylnj.com/wp-json/wp/v2/product/3448.json]
[daquyphongthuylnj.com/wp-json/wp/v2/product/3439.json]
[daquyphongthuylnj.com/wp-json/wp/v2/posts/3557.json]
[daquyphongthuylnj.com/wp-json/wp/v2/posts/3296.json]
[daquyphongthuylnj.com/wp-json/oembed/1.0/embedf50d]
[gmpg.org/xfn/default.css]
[daquyphongthuylnj.com/wp-json/wp/v2/pages/3.json]
[daquyphongthuylnj.com/wp-json/oembed/1.0/embedb31f]
[daquyphongthuylnj.com/wp-content/plugins/woo-vietnam-checkout/assets/css/devvn_dwas_style.css]
[daquyphongthuylnj.com/wp-content/plugins/woocommerce/assets/css/select2.css]
[daquyphongthuylnj.com/wp-json/wp/v2/pages/7.json]
[daquyphongthuylnj.com/wp-json/oembed/1.0/embed9f3f]
[daquyphongthuylnj.com/nhan/page/2/index.html]
[daquyphongthuylnj.com/blog/page/2/index.html]
[www.google.com/maps/preview/opensearchfef7.xml]
[daquyphongthuylnj.com/index8e15.html]
[daquyphongthuylnj.com/wp-content/themes/flatsome/assets/css/icons/fl-iconsae55.woff2]
[daquyphongthuylnj.com/index9c77.html]
[www.youtube.com/s/desktop/ad3ffe7b/cssbin/www-onepick.css]
[www.youtube.com/s/desktop/ad3ffe7b/cssbin/www-main-desktop-watch-page-skeleton.css]
[daquyphongthuylnj.com/wp-content/plugins/woocommerce/assets/css/photoswipe/photoswipe.min.css]
[daquyphongthuylnj.com/wp-content/plugins/woocommerce/assets/css/photoswipe/default-skin/default-skin.min.css]
[daquyphongthuylnj.com/index6d80.html]
[daquyphongthuylnj.com/index2b32.html]
[daquyphongthuylnj.com/indexa60b.html]
[daquyphongthuylnj.com/index9d31.html]
[daquyphongthuylnj.com/indexd3cd.html]
[daquyphongthuylnj.com/wp-json/wp/v2/product/2516.json]
[daquyphongthuylnj.com/index4592.html]
[daquyphongthuylnj.com/index22fd.html]
[daquyphongthuylnj.com/wp-json/wp/v2/product/3281.json]
[daquyphongthuylnj.com/index2024.html]
[daquyphongthuylnj.com/indexb1b4.html]
[daquyphongthuylnj.com/indexd4fd.html]
[daquyphongthuylnj.com/wp-json/wp/v2/product/3261.json]
[daquyphongthuylnj.com/wp-json/wp/v2/product/3499.json]
[daquyphongthuylnj.com/wp-json/wp/v2/product/1807.json]
[daquyphongthuylnj.com/indexaf4f.html]
[daquyphongthuylnj.com/index477d.html]
[daquyphongthuylnj.com/wp-json/wp/v2/product/1804.json]
[daquyphongthuylnj.com/index8496.html]
[daquyphongthuylnj.com/indexb127.html]
[daquyphongthuylnj.com/indexdd5c.html]
[daquyphongthuylnj.com/indexed5e.html]
[daquyphongthuylnj.com/index7864.html]
[daquyphongthuylnj.com/indexe15a.html]
[daquyphongthuylnj.com/wp-json/wp/v2/product/2290.json]
[daquyphongthuylnj.com/indexb073.html]
[daquyphongthuylnj.com/index7969.html]
[daquyphongthuylnj.com/index9edc.html]
[daquyphongthuylnj.com/index2bd8.html]
[daquyphongthuylnj.com/wp-json/wp/v2/product/3154.json]
[daquyphongthuylnj.com/index5b45.html]
[daquyphongthuylnj.com/indexff0a.html]
[daquyphongthuylnj.com/index8f7c.html]
[daquyphongthuylnj.com/index9a52.html]
[daquyphongthuylnj.com/index28f2.html]
[daquyphongthuylnj.com/index7860.html]
[daquyphongthuylnj.com/index6476.html]
[daquyphongthuylnj.com/index4521.html]
[daquyphongthuylnj.com/index7850.html]
[daquyphongthuylnj.com/wp-json/wp/v2/pages/3484.json]
[daquyphongthuylnj.com/index2207.html]
[stc-zaloprofile.zdn.vn/profile/static/css/main.1.0.0.css]
